QLD (Version 4.8.1)- Link/Load Summary: 'debug\uppgift4_Debug.s19'
SCRIPT FILES FROM THE FOLLOWING PATH(S):
  'D:/Program/EducDist/config/xcc12'

SCRIPT READ FROM THE FOLLOWING FILE(S):
  'default.lsc'

---------------------------
 SEARCHED LIBRARIES:
 'D:/Program/EducDist/lib/xcc12/libcd.e12'
 'D:/Program/EducDist/lib/xcc12/libed.e12'
 'D:/Program/EducDist/lib/xcc12/librtkd.e12'
 'D:/Program/EducDist/lib/xcc12/libccd.e12'

---------------------------
 PROGRAM ENTRY:'__start'
---------------------------
 GROUPS AND SEGMENTS:

  GROUP 'test_group', READ/WRITE ,allocation to: 00001000 - 00001551, (size: 1362 Bytes)
   00001000 00001009 'init'
   0000100A 00001521 'text'
   00001522 0000154B 'rodata'
   0000154C 0000154D 'data'
   0000154E 00001551 'bss'

  GROUP 'interrupt_vectors', READ/WRITE
   NO SEGMENTS

  GROUP 'const_group',
   NO SEGMENTS
---------------------------
LINKER DEFINED CONSTANTS:
   __rom_code_enabled = 0
   __heap_start = 00001552
  from segment 'text'
   0000100A '__text__start'
   00001522 '__text__end'
   00000518 '__text__size'
  from segment 'bss'
   0000154E '__bss__start'
   00001552 '__bss__end'
   00000004 '__bss__size'
  from segment 'data'
   0000154C '__data__start'
   0000154E '__data__end'
   00000002 '__data__size'
  from segment 'rodata'
   00001522 '__rodata__start'
   0000154C '__rodata__end'
   0000002A '__rodata__size'
  from segment 'init'
   00001000 '__init__start'
   0000100A '__init__end'
   0000000A '__init__size'
---------------------------
GLOBAL SYMBOL(S):

 in module: 'drill' of type 'O12' defined in file 'drill.o12'
  in segment: 'text'
   00001022 '_MotorStop'
   00001038 '_DrillUp'
   00001218 '_OutZero'
   000010F1 '_Alarm'
   00001043 '_Nstep'
   0000100A '_MotorStart'
   000010AE '_DrillDownTest'
   0000118D '_DoAuto'
   00001167 '_RefPos'
   000011EE '_OutOne'
   0000113B '_DrillHole'
   0000102D '_DrillDown'
  in segment: 'data'
   0000154C '_ML4Shadow'

 in module: '_startup' of type 'O12' defined in file '_startup.o12'
  in segment: 'init'
   00001006 '_exit'
   00001000 '__start'

 in module: 'avbrott' of type 'O12' defined in file 'avbrott.o12'
  in segment: 'text'
   00001248 '_myCLI'
   00001244 '_clock_inter_asm'

 in module: 'clock' of type 'O12' defined in file 'clock.o12'
  in segment: 'text'
   000012A3 '_hold'
   0000124B '_init_clock'
   00001281 '_get_time'
   00001268 '_clock_inter'

 in module: 'keyboardML15' of type 'O12' defined in file 'keyboardML15.o12'
  in segment: 'text'
   000012EB '_get_key'

 in module: 'main' of type 'O12' defined in file 'main.o12'
  in segment: 'text'
   00001319 '_main'

 in module: '_add32' of type 'O12' defined in file '_add32.o12'
  in segment: 'text'
   00001375 'add32'

 in module: '_mul32' of type 'O12' defined in file '_mul32.o12'
  in segment: 'text'
   00001417 'muls32'
   00001384 'mulu32'

 in module: '_and32' of type 'O12' defined in file '_and32.o12'
  in segment: 'text'
   000014E0 'and32'

 in module: '_cmp32' of type 'O12' defined in file '_cmp32.o12'
  in segment: 'text'
   000014EF 'cmp32'

 in module: '_shl32' of type 'O12' defined in file '_shl32.o12'
  in segment: 'text'
   00001508 'shl32'
---
 End of listfile
